#1 [internal] load local bake definitions
#1 reading from stdin 1.56kB done
#1 DONE 0.0s

#2 [migrate internal] load build definition from Dockerfile
#2 transferring dockerfile: 30B 0.0s
#2 transferring dockerfile: 1.63kB 0.1s done
#2 DONE 0.2s

#2 [app internal] load build definition from Dockerfile
#2 DONE 0.2s

#3 [migrate internal] load metadata for docker.io/library/node:22.13-alpine
#3 ...

#4 [auth] library/node:pull token for registry-1.docker.io
#4 DONE 0.0s

#3 [migrate internal] load metadata for docker.io/library/node:22.13-alpine
#3 DONE 2.2s

#5 [migrate internal] load .dockerignore
#5 transferring context: 156B 0.1s done
#5 transferring context: 156B 0.1s done
#5 DONE 0.2s

#6 [seed internal] load build context
#6 DONE 0.0s

#7 [seed base 1/1] FROM docker.io/library/node:22.13-alpine@sha256:e2b39f7b64281324929257d0f8004fb6cb4bf0fdfb9aa8cedb235a766aec31da
#7 resolve docker.io/library/node:22.13-alpine@sha256:e2b39f7b64281324929257d0f8004fb6cb4bf0fdfb9aa8cedb235a766aec31da
#7 resolve docker.io/library/node:22.13-alpine@sha256:e2b39f7b64281324929257d0f8004fb6cb4bf0fdfb9aa8cedb235a766aec31da 0.4s done
#7 DONE 0.5s

#7 [migrate base 1/1] FROM docker.io/library/node:22.13-alpine@sha256:e2b39f7b64281324929257d0f8004fb6cb4bf0fdfb9aa8cedb235a766aec31da
#7 resolve docker.io/library/node:22.13-alpine@sha256:e2b39f7b64281324929257d0f8004fb6cb4bf0fdfb9aa8cedb235a766aec31da 0.4s done
#7 DONE 0.5s

#8 [app runner  4/10] RUN mkdir .next
#8 CACHED

#9 [app runner  5/10] RUN chown nextjs:nodejs .next
#9 CACHED

#10 [app runner  6/10] RUN mkdir uploads
#10 CACHED

#11 [app runner  2/10] RUN addgroup --system --gid 1001 nodejs
#11 CACHED

#12 [app runner  3/10] RUN adduser --system --uid 1001 nextjs
#12 CACHED

#13 [app builder 1/5] WORKDIR /app
#13 CACHED

#14 [app runner  7/10] RUN chown nextjs:nodejs uploads
#14 CACHED

#6 [app internal] load build context
#6 transferring context: 6.73kB 0.2s done
#6 transferring context: 6.73kB 0.2s done
#6 DONE 0.3s

#15 [migrate deps 2/4] WORKDIR /app
#15 CACHED

#16 [migrate deps 1/4] RUN apk add --no-cache libc6-compat
#16 CACHED

#17 [migrate deps 3/4] COPY package.json package-lock.json* ./
#17 CACHED

#16 [app deps 1/4] RUN apk add --no-cache libc6-compat
#16 CACHED

#15 [app deps 2/4] WORKDIR /app
#15 CACHED

#18 [app deps 4/4] RUN npm ci --ignore-scripts --no-audit --no-fund
#18 100.2 npm warn deprecated uuid@8.3.2: uuid@10 and below is no longer supported.  For ESM codebases, update to uuid@latest.  For CommonJS codebases, use uuid@11 (but be aware this version will likely be deprecated in 2028).
#18 324.4 
#18 324.4 added 515 packages in 5m
#18 324.4 npm notice
#18 324.4 npm notice New major version of npm available! 10.9.2 -> 12.0.2
#18 324.4 npm notice Changelog: https://github.com/npm/cli/releases/tag/v12.0.2
#18 324.4 npm notice To update run: npm install -g npm@12.0.2
#18 324.4 npm notice
#18 DONE 330.4s

#18 [seed deps 4/4] RUN npm ci --ignore-scripts --no-audit --no-fund
#18 DONE 330.4s

#19 [app builder 2/5] COPY --from=deps /app/node_modules ./node_modules
